// Jest Snapshot v1, https://goo.gl/fbAQLP

exports[`Button test should match the snapshot 1`] = `
<button
  className="mainButton "
/>
`;
