// Jest Snapshot v1, https://goo.gl/fbAQLP

exports[`Header test Matches the snapshot 1`] = `
<header
  className="header"
>
  <h1>
    Weather App
  </h1>
</header>
`;
