// Jest Snapshot v1, https://goo.gl/fbAQLP

exports[`Messages test should match the snapshot 1`] = `
<div>
  Loading...
</div>
`;
